Masina B100AAA nu a fost inchiriata.
Masina B100AAA nu a fost inchiriata.
Masina MS05BBB nu a fost inchiriata.
Masina MM05BBB nu a fost inchiriata.
Masina BV10AAA nu a fost inchiriata.
Masina BV100AAB nu a fost inchiriata.
Aplicatia se inchide...
