Masina B100AAA a fost deja inchiriata de MihaiP.
Masina B100AAA a fost inchiriata de MihaiP.
MihaiP
Masina BV10AAA a fost inchiriata de AlexM.
Aplicatia se inchide...
