Masina B100AAA nu a fost inchiriata.
Masina B100AAA nu a fost inchiriata.
