Comanda introdusa nu este valida.
Incercati inca o data.
Numarul de telefon este deja inregistrat.
Persoana este deja inregistrata.
Persoana este deja inregistrata.
Numarul de locuri ramase: 0
Numarul de participanti: 3
Numarul de telefon este deja inregistrat.
Dimensiunea listei de asteptare: 2
Persoana este deja inregistrata.
Not found
Eroare: Persoana nu este inscrisa la eveniment.
Comanda introdusa nu este valida.
Incercati inca o data.
Comanda introdusa nu este valida.
Incercati inca o data.
1. Nume: Ionescu Ion, Email: ipopescu@devmind.com, Telefon: 0777111222
2. Nume: Alex Ion, Email: aion@devmind.com, Telefon: 0788222111
3. Nume: Popescu Alex, Email: apopescu@devmind.com, Telefon: 0799333222
Eroare: Persoana nu este inscrisa la eveniment.
Comanda introdusa nu este valida.
Incercati inca o data.
Comanda introdusa nu este valida.
Incercati inca o data.
Numarul total de persoane: 5
1. Nume: Andrei Alex, Email: aalx@devmind.com, Telefon: 0777333222
2. Nume: Andrei Ion, Email: anion@devmind.com, Telefon: 0777444333
Comanda introdusa nu este valida.
Incercati inca o data.
Aplicatia se inchide...
