Masina B100AAA a fost inchiriata de MihaiP.
MihaiP
Masina B100AAA a fost deja inchiriata de MihaiP.
Aplicatia se inchide...
