Masina B100AAA a fost inchiriata de MihaiP.
MihaiP
AndreiT
Masina MM05BBB nu a fost inchiriata.
AlexM
Masina BV100AAB nu a fost inchiriata.
Aplicatia se inchide...
