Numarul de telefon este deja inregistrat.
Persoana este deja inregistrata.
1. Nume: Ionescu Ion, Email: ipopescu@devmind.com, Telefon: 0777111222
2. Nume: Alex Ion, Email: aion@devmind.com, Telefon: 0788222111
3. Nume: Popescu Alex, Email: apopescu@devmind.com, Telefon: 0799333222
Aplicatia se inchide...
